Resolving dependencies...
Downloading packages...
  _fe_analyzer_shared 85.0.0 (92.0.0 available)
  analyzer 7.7.1 (9.0.0 available)
  build 3.1.0 (4.0.3 available)
  build_resolvers 3.0.3 (3.0.4 available)
  build_runner 2.7.1 (2.10.4 available)
  build_runner_core 9.3.1 (9.3.2 available)
  characters 1.4.0 (1.4.1 available)
  dart_style 3.1.1 (3.1.3 available)
  json_serializable 6.11.2 (6.11.3 available)
  launch_review 3.0.1 (discontinued)
  matcher 0.12.17 (0.12.18 available)
  material_color_utilities 0.11.1 (0.13.0 available)
  meta 1.16.0 (1.17.0 available)
  source_gen 4.0.0 (4.1.1 available)
  source_helper 1.3.8 (1.3.9 available)
  sqflite_common_ffi 2.3.7+1 (2.4.0+2 available)
  sqlite3 2.9.4 (3.1.2 available)
  test 1.26.2 (1.28.0 available)
  test_api 0.7.6 (0.7.8 available)
  test_core 0.6.11 (0.6.14 available)
Got dependencies!
1 package is discontinued.
19 packages have newer versions incompatible with dependency constraints.
Try `flutter pub outdated` for more information.
00:00 +0: loading /Users/maximilianmitchell/notifi/test/widget_test.dart                                                                                                                               00:01 +0: loading /Users/maximilianmitchell/notifi/test/widget_test.dart                                                                                                                               00:01 +0: Test Screens Single Notification                                                                                                                                                             00:01 +0: Test Screens Single Notification                                                                                                                                                             
══╡ EXCEPTION CAUGHT BY WIDGETS LIBRARY ╞═══════════════════════════════════════════════════════════
The following LateError was thrown building Consumer<Notifications>(dirty, dependencies:
[_InheritedProviderScope<Notifications?>]):
LateInitializationError: Field 'shrinkTitle' has not been initialized.

The relevant error-causing widget was:
  Consumer<Notifications>
  Consumer:file:///Users/maximilianmitchell/notifi/lib/notifications/notification.dart:122:12

When the exception was thrown, this was the stack:
#0      NotificationUI.shrinkTitle (package:notifi/notifications/notification.dart)
#1      NotificationUIState.build.<anonymous closure> (package:notifi/notifications/notification.dart:136:24)
#2      Consumer.buildWithChild (package:provider/src/consumer.dart:179:19)
#3      SingleChildStatelessWidget.build (package:nested/nested.dart:259:41)
#4      StatelessElement.build (package:flutter/src/widgets/framework.dart:5791:49)
#5      SingleChildStatelessElement.build (package:nested/nested.dart:279:18)
#6      ComponentElement.performRebuild (package:flutter/src/widgets/framework.dart:5723:15)
#7      Element.rebuild (package:flutter/src/widgets/framework.dart:5435:7)
#8      ComponentElement._firstBuild (package:flutter/src/widgets/framework.dart:5705:5)
#9      ComponentElement.mount (package:flutter/src/widgets/framework.dart:5699:5)
#10     SingleChildWidgetElementMixin.mount (package:nested/nested.dart:222:11)
...     Normal element mounting (121 frames)
#131    Element.inflateWidget (package:flutter/src/widgets/framework.dart:4548:16)
#132    MultiChildRenderObjectElement.inflateWidget (package:flutter/src/widgets/framework.dart:7169:36)
#133    MultiChildRenderObjectElement.mount (package:flutter/src/widgets/framework.dart:7185:32)
...     Normal element mounting (149 frames)
#282    Element.inflateWidget (package:flutter/src/widgets/framework.dart:4548:16)
#283    Element.updateChild (package:flutter/src/widgets/framework.dart:4004:18)
#284    SliverMultiBoxAdaptorElement.updateChild (package:flutter/src/widgets/sliver.dart:1001:37)
#285    SliverMultiBoxAdaptorElement.createChild.<anonymous closure> (package:flutter/src/widgets/sliver.dart:985:20)
#286    BuildOwner.buildScope (package:flutter/src/widgets/framework.dart:3046:19)
#287    SliverMultiBoxAdaptorElement.createChild (package:flutter/src/widgets/sliver.dart:975:12)
#288    RenderSliverMultiBoxAdaptor._createOrObtainChild.<anonymous closure> (package:flutter/src/rendering/sliver_multi_box_adaptor.dart:372:23)
#289    RenderObject.invokeLayoutCallback.<anonymous closure> (package:flutter/src/rendering/object.dart:2881:17)
#290    PipelineOwner._enableMutationsToDirtySubtrees (package:flutter/src/rendering/object.dart:1206:15)
#291    RenderObject.invokeLayoutCallback (package:flutter/src/rendering/object.dart:2880:14)
#292    RenderSliverMultiBoxAdaptor._createOrObtainChild (package:flutter/src/rendering/sliver_multi_box_adaptor.dart:360:5)
#293    RenderSliverMultiBoxAdaptor.addInitialChild (package:flutter/src/rendering/sliver_multi_box_adaptor.dart:460:5)
#294    RenderSliverList.performLayout (package:flutter/src/rendering/sliver_list.dart:79:12)
#295    RenderObject.layout (package:flutter/src/rendering/object.dart:2762:7)
#296    RenderSliverEdgeInsetsPadding.performLayout (package:flutter/src/rendering/sliver_padding.dart:133:12)
#297    RenderSliverPadding.performLayout (package:flutter/src/rendering/sliver_padding.dart:371:11)
#298    RenderObject.layout (package:flutter/src/rendering/object.dart:2762:7)
#299    RenderViewportBase.layoutChildSequence (package:flutter/src/rendering/viewport.dart:673:13)
#300    RenderViewport._attemptLayout (package:flutter/src/rendering/viewport.dart:1684:12)
#301    RenderViewport.performLayout (package:flutter/src/rendering/viewport.dart:1575:20)
#302    RenderObject.layout (package:flutter/src/rendering/object.dart:2762:7)
#303    RenderProxyBoxMixin.performLayout (package:flutter/src/rendering/proxy_box.dart:115:18)
#304    RenderObject.layout (package:flutter/src/rendering/object.dart:2762:7)
#305    RenderProxyBoxMixin.performLayout (package:flutter/src/rendering/proxy_box.dart:115:18)
#306    RenderObject.layout (package:flutter/src/rendering/object.dart:2762:7)
#307    RenderProxyBoxMixin.performLayout (package:flutter/src/rendering/proxy_box.dart:115:18)
#308    RenderObject.layout (package:flutter/src/rendering/object.dart:2762:7)
#309    RenderProxyBoxMixin.performLayout (package:flutter/src/rendering/proxy_box.dart:115:18)
#310    RenderObject.layout (package:flutter/src/rendering/object.dart:2762:7)
#311    RenderProxyBoxMixin.performLayout (package:flutter/src/rendering/proxy_box.dart:115:18)
#312    RenderObject.layout (package:flutter/src/rendering/object.dart:2762:7)
#313    RenderProxyBoxMixin.performLayout (package:flutter/src/rendering/proxy_box.dart:115:18)
#314    RenderObject.layout (package:flutter/src/rendering/object.dart:2762:7)
#315    RenderProxyBoxMixin.performLayout (package:flutter/src/rendering/proxy_box.dart:115:18)
#316    RenderObject.layout (package:flutter/src/rendering/object.dart:2762:7)
#317    RenderProxyBoxMixin.performLayout (package:flutter/src/rendering/proxy_box.dart:115:18)
#318    _RenderCustomClip.performLayout (package:flutter/src/rendering/proxy_box.dart:1481:11)
#319    RenderObject.layout (package:flutter/src/rendering/object.dart:2762:7)
#320    MultiChildLayoutDelegate.layoutChild (package:flutter/src/rendering/custom_layout.dart:180:12)
#321    _ScaffoldLayout.performLayout (package:flutter/src/material/scaffold.dart:1122:7)
#322    MultiChildLayoutDelegate._callPerformLayout (package:flutter/src/rendering/custom_layout.dart:249:7)
#323    RenderCustomMultiChildLayoutBox.performLayout (package:flutter/src/rendering/custom_layout.dart:420:14)
#324    RenderObject.layout (package:flutter/src/rendering/object.dart:2762:7)
#325    RenderProxyBoxMixin.performLayout (package:flutter/src/rendering/proxy_box.dart:115:18)
#326    RenderObject.layout (package:flutter/src/rendering/object.dart:2762:7)
#327    RenderProxyBoxMixin.performLayout (package:flutter/src/rendering/proxy_box.dart:115:18)
#328    _RenderCustomClip.performLayout (package:flutter/src/rendering/proxy_box.dart:1481:11)
#329    RenderObject.layout (package:flutter/src/rendering/object.dart:2762:7)
#330    RenderPadding.performLayout (package:flutter/src/rendering/shifted_box.dart:243:12)
#331    RenderObject.layout (package:flutter/src/rendering/object.dart:2762:7)
#332    RenderProxyBoxMixin.performLayout (package:flutter/src/rendering/proxy_box.dart:115:18)
#333    RenderObject.layout (package:flutter/src/rendering/object.dart:2762:7)
#334    RenderProxyBoxMixin.performLayout (package:flutter/src/rendering/proxy_box.dart:115:18)
#335    RenderObject.layout (package:flutter/src/rendering/object.dart:2762:7)
#336    RenderProxyBoxMixin.performLayout (package:flutter/src/rendering/proxy_box.dart:115:18)
#337    RenderObject.layout (package:flutter/src/rendering/object.dart:2762:7)
#338    RenderProxyBoxMixin.performLayout (package:flutter/src/rendering/proxy_box.dart:115:18)
#339    RenderObject.layout (package:flutter/src/rendering/object.dart:2762:7)
#340    RenderProxyBoxMixin.performLayout (package:flutter/src/rendering/proxy_box.dart:115:18)
#341    RenderObject.layout (package:flutter/src/rendering/object.dart:2762:7)
#342    RenderProxyBoxMixin.performLayout (package:flutter/src/rendering/proxy_box.dart:115:18)
#343    RenderObject.layout (package:flutter/src/rendering/object.dart:2762:7)
#344    RenderProxyBoxMixin.performLayout (package:flutter/src/rendering/proxy_box.dart:115:18)
#345    RenderObject.layout (package:flutter/src/rendering/object.dart:2762:7)
#346    RenderProxyBoxMixin.performLayout (package:flutter/src/rendering/proxy_box.dart:115:18)
#347    RenderObject.layout (package:flutter/src/rendering/object.dart:2762:7)
#348    RenderProxyBoxMixin.performLayout (package:flutter/src/rendering/proxy_box.dart:115:18)
#349    RenderObject.layout (package:flutter/src/rendering/object.dart:2762:7)
#350    RenderProxyBoxMixin.performLayout (package:flutter/src/rendering/proxy_box.dart:115:18)
#351    RenderObject.layout (package:flutter/src/rendering/object.dart:2762:7)
#352    RenderProxyBoxMixin.performLayout (package:flutter/src/rendering/proxy_box.dart:115:18)
#353    RenderOffstage.performLayout (package:flutter/src/rendering/proxy_box.dart:3848:13)
#354    RenderObject.layout (package:flutter/src/rendering/object.dart:2762:7)
#355    RenderProxyBoxMixin.performLayout (package:flutter/src/rendering/proxy_box.dart:115:18)
#356    RenderObject.layout (package:flutter/src/rendering/object.dart:2762:7)
#357    _RenderTheaterMixin.layoutChild (package:flutter/src/widgets/overlay.dart:1085:13)
#358    _RenderTheater.performLayout (package:flutter/src/widgets/overlay.dart:1430:9)
#359    RenderObject.layout (package:flutter/src/rendering/object.dart:2762:7)
#360    RenderProxyBoxMixin.performLayout (package:flutter/src/rendering/proxy_box.dart:115:18)
#361    RenderObject.layout (package:flutter/src/rendering/object.dart:2762:7)
#362    RenderProxyBoxMixin.performLayout (package:flutter/src/rendering/proxy_box.dart:115:18)
#363    RenderObject.layout (package:flutter/src/rendering/object.dart:2762:7)
#364    RenderProxyBoxMixin.performLayout (package:flutter/src/rendering/proxy_box.dart:115:18)
#365    RenderObject.layout (package:flutter/src/rendering/object.dart:2762:7)
#366    RenderProxyBoxMixin.performLayout (package:flutter/src/rendering/proxy_box.dart:115:18)
#367    RenderObject.layout (package:flutter/src/rendering/object.dart:2762:7)
#368    RenderProxyBoxMixin.performLayout (package:flutter/src/rendering/proxy_box.dart:115:18)
#369    RenderObject.layout (package:flutter/src/rendering/object.dart:2762:7)
#370    RenderProxyBoxMixin.performLayout (package:flutter/src/rendering/proxy_box.dart:115:18)
#371    RenderObject.layout (package:flutter/src/rendering/object.dart:2762:7)
#372    RenderProxyBoxMixin.performLayout (package:flutter/src/rendering/proxy_box.dart:115:18)
#373    RenderObject.layout (package:flutter/src/rendering/object.dart:2762:7)
#374    RenderProxyBoxMixin.performLayout (package:flutter/src/rendering/proxy_box.dart:115:18)
#375    RenderObject.layout (package:flutter/src/rendering/object.dart:2762:7)
#376    RenderProxyBoxMixin.performLayout (package:flutter/src/rendering/proxy_box.dart:115:18)
#377    RenderObject.layout (package:flutter/src/rendering/object.dart:2762:7)
#378    RenderView.performLayout (package:flutter/src/rendering/view.dart:294:12)
#379    RenderObject._layoutWithoutResize (package:flutter/src/rendering/object.dart:2610:7)
#380    PipelineOwner.flushLayout (package:flutter/src/rendering/object.dart:1157:18)
#381    PipelineOwner.flushLayout (package:flutter/src/rendering/object.dart:1170:15)
#382    AutomatedTestWidgetsFlutterBinding.drawFrame (package:flutter_test/src/binding.dart:1508:27)
#383    RendererBinding._handlePersistentFrameCallback (package:flutter/src/rendering/binding.dart:495:5)
#384    SchedulerBinding._invokeFrameCallback (package:flutter/src/scheduler/binding.dart:1434:15)
#385    SchedulerBinding.handleDrawFrame (package:flutter/src/scheduler/binding.dart:1347:9)
#386    AutomatedTestWidgetsFlutterBinding.pump.<anonymous closure> (package:flutter_test/src/binding.dart:1335:9)
#389    TestAsyncUtils.guard (package:flutter_test/src/test_async_utils.dart:74:41)
#390    AutomatedTestWidgetsFlutterBinding.pump (package:flutter_test/src/binding.dart:1324:27)
#391    WidgetTester.pumpWidget.<anonymous closure> (package:flutter_test/src/widget_tester.dart:598:22)
#394    TestAsyncUtils.guard (package:flutter_test/src/test_async_utils.dart:74:41)
#395    WidgetTester.pumpWidget (package:flutter_test/src/widget_tester.dart:595:27)
#396    pumpWidgetWithNotification (file:///Users/maximilianmitchell/notifi/test/widget_test.dart:342:16)
<asynchronous suspension>
#397    main.<anonymous closure>.<anonymous closure> (file:///Users/maximilianmitchell/notifi/test/widget_test.dart:47:7)
<asynchronous suspension>
#398    testWidgets.<anonymous closure>.<anonymous closure> (package:flutter_test/src/widget_tester.dart:192:15)
<asynchronous suspension>
#399    TestWidgetsFlutterBinding._runTestBody (package:flutter_test/src/binding.dart:1059:5)
<asynchronous suspension>
<asynchronous suspension>
(elided 5 frames from dart:async and package:stack_trace)

════════════════════════════════════════════════════════════════════════════════════════════════════
══╡ EXCEPTION CAUGHT BY FLUTTER TEST FRAMEWORK ╞════════════════════════════════════════════════════
The following TestFailure was thrown running a test:
Expected: exactly one matching candidate
  Actual: _TextWidgetFinder:<Found 0 widgets with text "title of notification": []>
   Which: means none were found but one was expected

When the exception was thrown, this was the stack:
#4      main.<anonymous closure>.<anonymous closure> (file:///Users/maximilianmitchell/notifi/test/widget_test.dart:55:7)
<asynchronous suspension>
#5      testWidgets.<anonymous closure>.<anonymous closure> (package:flutter_test/src/widget_tester.dart:192:15)
<asynchronous suspension>
#6      TestWidgetsFlutterBinding._runTestBody (package:flutter_test/src/binding.dart:1059:5)
<asynchronous suspension>
<asynchronous suspension>
(elided one frame from package:stack_trace)

This was caught by the test expectation on the following line:
  file:///Users/maximilianmitchell/notifi/test/widget_test.dart line 55
The test description was:
  Single Notification
════════════════════════════════════════════════════════════════════════════════════════════════════
══╡ EXCEPTION CAUGHT BY FLUTTER TEST FRAMEWORK ╞════════════════════════════════════════════════════
The following message was thrown:
Multiple exceptions (2) were detected during the running of the current test, and at least one was
unexpected.
════════════════════════════════════════════════════════════════════════════════════════════════════
00:01 +0 -1: Test Screens Single Notification [E]                                                                                                                                                      
  Test failed. See exception logs above.
  The test description was: Single Notification
  

To run this test again: /opt/homebrew/Caskroom/flutter/3.29.2/flutter/bin/cache/dart-sdk/bin/dart test /Users/maximilianmitchell/notifi/test/widget_test.dart -p vm --plain-name 'Test Screens Single Notification'
00:01 +0 -1: Some tests failed.                                                                                                                                                                        
